2025-10-07 15:07:10,544 - UNO_RL_dqn_vs_random_42 - INFO - Training logger initialized for experiment: dqn_vs_random_42
2025-10-07 15:07:10,544 - UNO_RL_dqn_vs_random_42 - INFO - Log directory: ./logs/dqn_vs_random_42
2025-10-07 15:07:10,736 - UNO_RL_dqn_vs_random_42 - INFO - Model checkpoint saved at episode 0: models/test_model.pth
2025-10-07 15:08:09,754 - UNO_RL_dqn_vs_random_42 - INFO - Training logger initialized for experiment: dqn_vs_random_42
2025-10-07 15:08:09,755 - UNO_RL_dqn_vs_random_42 - INFO - Log directory: ./logs/dqn_vs_random_42
2025-10-07 15:08:09,755 - UNO_RL_dqn_vs_random_42 - INFO - ============================================================
2025-10-07 15:08:09,755 - UNO_RL_dqn_vs_random_42 - INFO - STARTING TRAINING
2025-10-07 15:08:09,755 - UNO_RL_dqn_vs_random_42 - INFO - ============================================================
2025-10-07 15:08:09,755 - UNO_RL_dqn_vs_random_42 - INFO - Configuration saved to: ./logs/dqn_vs_random_42/config.json
2025-10-07 15:08:09,755 - UNO_RL_dqn_vs_random_42 - INFO - Training episodes: 1000
2025-10-07 15:08:09,755 - UNO_RL_dqn_vs_random_42 - INFO - Learning rate: 0.001
2025-10-07 15:08:09,755 - UNO_RL_dqn_vs_random_42 - INFO - Batch size: 32
2025-10-07 15:08:09,763 - UNO_RL_dqn_vs_random_42 - INFO - Starting episode 0
2025-10-07 15:08:09,769 - UNO_RL_dqn_vs_random_42 - INFO - Episode      0 | Avg Reward:   1.00 | Avg Length:   49.0 | Epsilon: 1.000
2025-10-07 15:08:12,351 - UNO_RL_dqn_vs_random_42 - INFO - Episode    100 | Avg Reward:   0.55 | Avg Length:   41.9 | Epsilon: 0.010
2025-10-07 15:08:14,876 - UNO_RL_dqn_vs_random_42 - INFO - Episode    200 | Avg Reward:   0.45 | Avg Length:   42.5 | Epsilon: 0.010
2025-10-07 15:08:15,501 - UNO_RL_dqn_vs_random_42 - INFO - ==================================================
2025-10-07 15:08:15,501 - UNO_RL_dqn_vs_random_42 - INFO - EVALUATION AT EPISODE 200
2025-10-07 15:08:15,501 - UNO_RL_dqn_vs_random_42 - INFO - --------------------------------------------------
2025-10-07 15:08:15,501 - UNO_RL_dqn_vs_random_42 - INFO - win_rate: 0.5050
2025-10-07 15:08:15,501 - UNO_RL_dqn_vs_random_42 - INFO - avg_game_length: 45.8400
2025-10-07 15:08:15,501 - UNO_RL_dqn_vs_random_42 - INFO - total_games: 200.0000
2025-10-07 15:08:15,501 - UNO_RL_dqn_vs_random_42 - INFO - wins: 101.0000
2025-10-07 15:08:15,501 - UNO_RL_dqn_vs_random_42 - INFO - losses: 99.0000
2025-10-07 15:08:15,501 - UNO_RL_dqn_vs_random_42 - INFO - ==================================================
2025-10-07 15:08:18,348 - UNO_RL_dqn_vs_random_42 - INFO - Episode    300 | Avg Reward:   0.52 | Avg Length:   48.0 | Epsilon: 0.010
2025-10-07 15:08:21,124 - UNO_RL_dqn_vs_random_42 - INFO - Episode    400 | Avg Reward:   0.55 | Avg Length:   46.9 | Epsilon: 0.010
2025-10-07 15:08:21,735 - UNO_RL_dqn_vs_random_42 - INFO - ==================================================
2025-10-07 15:08:21,735 - UNO_RL_dqn_vs_random_42 - INFO - EVALUATION AT EPISODE 400
2025-10-07 15:08:21,735 - UNO_RL_dqn_vs_random_42 - INFO - --------------------------------------------------
2025-10-07 15:08:21,735 - UNO_RL_dqn_vs_random_42 - INFO - win_rate: 0.5450
2025-10-07 15:08:21,735 - UNO_RL_dqn_vs_random_42 - INFO - avg_game_length: 44.8150
2025-10-07 15:08:21,735 - UNO_RL_dqn_vs_random_42 - INFO - total_games: 200.0000
2025-10-07 15:08:21,735 - UNO_RL_dqn_vs_random_42 - INFO - wins: 109.0000
2025-10-07 15:08:21,735 - UNO_RL_dqn_vs_random_42 - INFO - losses: 91.0000
2025-10-07 15:08:21,735 - UNO_RL_dqn_vs_random_42 - INFO - ==================================================
2025-10-07 15:08:24,636 - UNO_RL_dqn_vs_random_42 - INFO - Episode    500 | Avg Reward:   0.37 | Avg Length:   49.1 | Epsilon: 0.010
2025-10-07 15:08:24,642 - UNO_RL_dqn_vs_random_42 - INFO - Model checkpoint saved at episode 500: ./models/dqn_episode_500.pth
2025-10-07 15:08:27,394 - UNO_RL_dqn_vs_random_42 - INFO - Episode    600 | Avg Reward:   0.50 | Avg Length:   46.0 | Epsilon: 0.010
2025-10-07 15:08:28,035 - UNO_RL_dqn_vs_random_42 - INFO - ==================================================
2025-10-07 15:08:28,035 - UNO_RL_dqn_vs_random_42 - INFO - EVALUATION AT EPISODE 600
2025-10-07 15:08:28,035 - UNO_RL_dqn_vs_random_42 - INFO - --------------------------------------------------
2025-10-07 15:08:28,035 - UNO_RL_dqn_vs_random_42 - INFO - win_rate: 0.5900
2025-10-07 15:08:28,035 - UNO_RL_dqn_vs_random_42 - INFO - avg_game_length: 47.0850
2025-10-07 15:08:28,035 - UNO_RL_dqn_vs_random_42 - INFO - total_games: 200.0000
2025-10-07 15:08:28,035 - UNO_RL_dqn_vs_random_42 - INFO - wins: 118.0000
2025-10-07 15:08:28,035 - UNO_RL_dqn_vs_random_42 - INFO - losses: 82.0000
2025-10-07 15:08:28,035 - UNO_RL_dqn_vs_random_42 - INFO - ==================================================
2025-10-07 15:08:30,565 - UNO_RL_dqn_vs_random_42 - INFO - Episode    700 | Avg Reward:   0.51 | Avg Length:   42.1 | Epsilon: 0.010
2025-10-07 15:08:33,584 - UNO_RL_dqn_vs_random_42 - INFO - Episode    800 | Avg Reward:   0.57 | Avg Length:   45.6 | Epsilon: 0.010
2025-10-07 15:08:34,216 - UNO_RL_dqn_vs_random_42 - INFO - ==================================================
2025-10-07 15:08:34,216 - UNO_RL_dqn_vs_random_42 - INFO - EVALUATION AT EPISODE 800
2025-10-07 15:08:34,216 - UNO_RL_dqn_vs_random_42 - INFO - --------------------------------------------------
2025-10-07 15:08:34,216 - UNO_RL_dqn_vs_random_42 - INFO - win_rate: 0.4750
2025-10-07 15:08:34,216 - UNO_RL_dqn_vs_random_42 - INFO - avg_game_length: 46.6700
2025-10-07 15:08:34,216 - UNO_RL_dqn_vs_random_42 - INFO - total_games: 200.0000
2025-10-07 15:08:34,216 - UNO_RL_dqn_vs_random_42 - INFO - wins: 95.0000
2025-10-07 15:08:34,216 - UNO_RL_dqn_vs_random_42 - INFO - losses: 105.0000
2025-10-07 15:08:34,216 - UNO_RL_dqn_vs_random_42 - INFO - ==================================================
2025-10-07 15:08:36,916 - UNO_RL_dqn_vs_random_42 - INFO - Episode    900 | Avg Reward:   0.51 | Avg Length:   44.4 | Epsilon: 0.010
2025-10-07 15:08:39,848 - UNO_RL_dqn_vs_random_42 - INFO - Performing final evaluation...
2025-10-07 15:08:40,497 - UNO_RL_dqn_vs_random_42 - INFO - ==================================================
2025-10-07 15:08:40,498 - UNO_RL_dqn_vs_random_42 - INFO - EVALUATION AT EPISODE 999
2025-10-07 15:08:40,498 - UNO_RL_dqn_vs_random_42 - INFO - --------------------------------------------------
2025-10-07 15:08:40,498 - UNO_RL_dqn_vs_random_42 - INFO - win_rate: 0.4200
2025-10-07 15:08:40,498 - UNO_RL_dqn_vs_random_42 - INFO - avg_game_length: 46.4600
2025-10-07 15:08:40,498 - UNO_RL_dqn_vs_random_42 - INFO - total_games: 200.0000
2025-10-07 15:08:40,498 - UNO_RL_dqn_vs_random_42 - INFO - wins: 84.0000
2025-10-07 15:08:40,498 - UNO_RL_dqn_vs_random_42 - INFO - losses: 116.0000
2025-10-07 15:08:40,498 - UNO_RL_dqn_vs_random_42 - INFO - ==================================================
2025-10-07 15:08:40,502 - UNO_RL_dqn_vs_random_42 - INFO - Model checkpoint saved at episode 999: ./models/dqn_final.pth
2025-10-07 15:08:40,502 - UNO_RL_dqn_vs_random_42 - INFO - ============================================================
2025-10-07 15:08:40,502 - UNO_RL_dqn_vs_random_42 - INFO - TRAINING COMPLETED
2025-10-07 15:08:40,502 - UNO_RL_dqn_vs_random_42 - INFO - ============================================================
2025-10-07 15:08:40,502 - UNO_RL_dqn_vs_random_42 - INFO - Total training time: 30.75 seconds (0.01 hours)
2025-10-07 15:08:40,502 - UNO_RL_dqn_vs_random_42 - INFO - Total episodes: 1000
2025-10-07 15:08:40,502 - UNO_RL_dqn_vs_random_42 - INFO - Final 100-episode average reward: 0.490
2025-10-07 15:08:40,505 - UNO_RL_dqn_vs_random_42 - INFO - Metrics saved to: ./logs/dqn_vs_random_42
2025-10-07 15:08:42,052 - UNO_RL_dqn_vs_random_42 - INFO - Training plots saved to: ./logs/dqn_vs_random_42/training_plots.png
2025-10-07 15:08:42,054 - UNO_RL_dqn_vs_random_42 - INFO - All logs and plots saved to: ./logs/dqn_vs_random_42
